(program
  1.0.0
  (lam
    ds_i0
    (lam
      ds_i0
      (force
        (case
          ds_i2
          (lam
            arg1_i0
            (delay
              (force
                (case
                  ds_i2
                  (lam
                    arg1_i0
                    (delay
                      [
                        (lam arg_0_i0 (constr 0 arg_0_i1))
                        [ [ (builtin addInteger) arg1_i2 ] arg1_i1 ]
                      ]
                    )
                  )
                  (delay (constr 1))
                )
              )
            )
          )
          (delay (constr 1))
        )
      )
    )
  )
)